---
source: ecsdb_cli/src/pipeline.rs
description: "Pipeline::parse(\"all|filter(data.last_updated == \"foo\")\")"
expression: "Pipeline::parse(pipeline)"
---
Ok(
    Pipeline {
        stages: [
            All,
            Filter(
                Eq {
                    column: Data(
                        [
                            Field(
                                "last_updated",
                            ),
                        ],
                    ),
                    op: Eq,
                    value: FilterValue(
                        String("foo"),
                    ),
                },
            ),
        ],
    },
)
