---
source: ecsdb_cli/src/pipeline.rs
description: "Pipeline::parse(\"all|filter(entity == 42)\")"
expression: "Pipeline::parse(pipeline)"
---
Ok(
    Pipeline {
        stages: [
            All,
            Filter(
                Eq {
                    column: Entity,
                    op: Eq,
                    value: FilterValue(
                        Number(42),
                    ),
                },
            ),
        ],
    },
)
