---
source: ecsdb_cli/src/pipeline.rs
description: "Pipeline::parse(\"all|filter(data == \"hello\\nworld\")\")"
expression: "Pipeline::parse(pipeline)"
---
Ok(
    Pipeline {
        stages: [
            All,
            Filter(
                Eq {
                    column: Data(
                        [],
                    ),
                    op: Eq,
                    value: FilterValue(
                        String("hello\nworld"),
                    ),
                },
            ),
        ],
    },
)
