---
source: ecsdb_cli/src/pipeline.rs
description: "Pipeline::parse(\"all|sortBy(data.score desc)\")"
expression: "Pipeline::parse(pipeline)"
---
Ok(
    Pipeline {
        stages: [
            All,
            SortBy(
                Column(
                    Data(
                        [
                            Field(
                                "score",
                            ),
                        ],
                    ),
                ),
                Desc,
            ),
        ],
    },
)
