---
source: ecsdb/src/query/ir.rs
description: "And([WithComponent(\"ecsdb::A\"), WithComponent(\"ecsdb::B\"), WithoutComponent(\"ecsdb::C\")]).simplify()"
---
And(
    [
        WithComponent(
            "ecsdb::A",
        ),
        WithComponent(
            "ecsdb::B",
        ),
        WithoutComponent(
            "ecsdb::C",
        ),
    ],
)
